  Determining projects to restore...
  Restored D:\www\RB0120APP\NewRpaWinUiComponentsPackage\RpaWinUiComponentsDemo\RpaWinUiComponentsDemo.csproj (in 510 ms).
  1 of 2 projects are up-to-date for restore.
C:\Users\patro\.nuget\packages\microsoft.windowsappsdk.winui\1.8.250906003\buildTransitive\Microsoft.UI.Xaml.Markup.Compiler.interop.targets(594,9): error MSB3073: The command ""C:\Users\patro\.nuget\packages\microsoft.windowsappsdk.winui\1.8.250906003\buildTransitive\..\tools\net6.0\..\net472\XamlCompiler.exe" "obj\x64\Debug\net8.0-windows10.0.19041.0\win-x64\\input.json" "obj\x64\Debug\net8.0-windows10.0.19041.0\win-x64\\output.json"" exited with code 1. [D:\www\RB0120APP\NewRpaWinUiComponentsPackage\RpaWinUiComponentsDemo\RpaWinUiComponentsDemo.csproj]
D:\www\RB0120APP\NewRpaWinUiComponentsPackage\RpaWinUiComponentsPackage\AdvancedWinUiDataGrid\Api\Validation\DataGridValidation.cs(47,20): error CS0029: Cannot implicitly convert type 'RpaWinUiComponentsPackage.AdvancedWinUiDataGrid.Api.Models.PublicValidationResultWithStatistics' to 'RpaWinUiComponentsPackage.AdvancedWinUiDataGrid.Validation.PublicValidationResultWithStatistics' [D:\www\RB0120APP\NewRpaWinUiComponentsPackage\RpaWinUiComponentsPackage\RpaWinUiComponentsPackage.csproj]
D:\www\RB0120APP\NewRpaWinUiComponentsPackage\RpaWinUiComponentsPackage\AdvancedWinUiDataGrid\Api\Validation\DataGridValidation.cs(90,74): warning CS8604: Possible null reference argument for parameter 'rule' in 'Task<Result> IValidationService.AddValidationRuleAsync(IValidationRule rule, CancellationToken cancellationToken = default(CancellationToken))'. [D:\www\RB0120APP\NewRpaWinUiComponentsPackage\RpaWinUiComponentsPackage\RpaWinUiComponentsPackage.csproj]
D:\www\RB0120APP\NewRpaWinUiComponentsPackage\RpaWinUiComponentsPackage\AdvancedWinUiDataGrid\Api\Sorting\DataGridSorting.cs(101,25): error CS0266: Cannot implicitly convert type 'RpaWinUiComponentsPackage.AdvancedWinUiDataGrid.Api.Models.PublicSortDirection' to 'RpaWinUiComponentsPackage.AdvancedWinUiDataGrid.PublicSortDirection'. An explicit conversion exists (are you missing a cast?) [D:\www\RB0120APP\NewRpaWinUiComponentsPackage\RpaWinUiComponentsPackage\RpaWinUiComponentsPackage.csproj]
D:\www\RB0120APP\NewRpaWinUiComponentsPackage\RpaWinUiComponentsPackage\AdvancedWinUiDataGrid\Api\Sorting\DataGridSorting.cs(129,20): error CS0266: Cannot implicitly convert type 'RpaWinUiComponentsPackage.AdvancedWinUiDataGrid.Api.Models.PublicSortDirection' to 'RpaWinUiComponentsPackage.AdvancedWinUiDataGrid.PublicSortDirection'. An explicit conversion exists (are you missing a cast?) [D:\www\RB0120APP\NewRpaWinUiComponentsPackage\RpaWinUiComponentsPackage\RpaWinUiComponentsPackage.csproj]
D:\www\RB0120APP\NewRpaWinUiComponentsPackage\RpaWinUiComponentsPackage\AdvancedWinUiDataGrid\Api\Search\DataGridSearch.cs(36,17): error CS0117: 'PublicSearchResult' does not contain a definition for 'MatchCount' [D:\www\RB0120APP\NewRpaWinUiComponentsPackage\RpaWinUiComponentsPackage\RpaWinUiComponentsPackage.csproj]
D:\www\RB0120APP\NewRpaWinUiComponentsPackage\RpaWinUiComponentsPackage\AdvancedWinUiDataGrid\Api\Search\DataGridSearch.cs(37,17): error CS0117: 'PublicSearchResult' does not contain a definition for 'MatchedRowIndices' [D:\www\RB0120APP\NewRpaWinUiComponentsPackage\RpaWinUiComponentsPackage\RpaWinUiComponentsPackage.csproj]
D:\www\RB0120APP\NewRpaWinUiComponentsPackage\RpaWinUiComponentsPackage\AdvancedWinUiDataGrid\Api\Search\DataGridSearch.cs(38,17): error CS0117: 'PublicSearchResult' does not contain a definition for 'SearchText' [D:\www\RB0120APP\NewRpaWinUiComponentsPackage\RpaWinUiComponentsPackage\RpaWinUiComponentsPackage.csproj]
D:\www\RB0120APP\NewRpaWinUiComponentsPackage\RpaWinUiComponentsPackage\AdvancedWinUiDataGrid\Api\Search\DataGridSearch.cs(39,17): error CS0117: 'PublicSearchResult' does not contain a definition for 'CaseSensitive' [D:\www\RB0120APP\NewRpaWinUiComponentsPackage\RpaWinUiComponentsPackage\RpaWinUiComponentsPackage.csproj]
D:\www\RB0120APP\NewRpaWinUiComponentsPackage\RpaWinUiComponentsPackage\AdvancedWinUiDataGrid\Api\Search\DataGridSearch.cs(40,17): error CS0117: 'PublicSearchResult' does not contain a definition for 'WholeWord' [D:\www\RB0120APP\NewRpaWinUiComponentsPackage\RpaWinUiComponentsPackage\RpaWinUiComponentsPackage.csproj]
D:\www\RB0120APP\NewRpaWinUiComponentsPackage\RpaWinUiComponentsPackage\AdvancedWinUiDataGrid\Api\Search\DataGridSearch.cs(41,17): error CS0117: 'PublicSearchResult' does not contain a definition for 'SearchDuration' [D:\www\RB0120APP\NewRpaWinUiComponentsPackage\RpaWinUiComponentsPackage\RpaWinUiComponentsPackage.csproj]
D:\www\RB0120APP\NewRpaWinUiComponentsPackage\RpaWinUiComponentsPackage\AdvancedWinUiDataGrid\Api\Shortcuts\DataGridShortcuts.cs(33,107): error CS1061: 'PublicShortcutDefinition' does not contain a definition for 'ShortcutKey' and no accessible extension method 'ShortcutKey' accepting a first argument of type 'PublicShortcutDefinition' could be found (are you missing a using directive or an assembly reference?) [D:\www\RB0120APP\NewRpaWinUiComponentsPackage\RpaWinUiComponentsPackage\RpaWinUiComponentsPackage.csproj]
D:\www\RB0120APP\NewRpaWinUiComponentsPackage\RpaWinUiComponentsPackage\AdvancedWinUiDataGrid\Api\Performance\DataGridPerformance.cs(34,17): error CS0117: 'PublicPerformanceMetrics' does not contain a definition for 'TotalRows' [D:\www\RB0120APP\NewRpaWinUiComponentsPackage\RpaWinUiComponentsPackage\RpaWinUiComponentsPackage.csproj]
D:\www\RB0120APP\NewRpaWinUiComponentsPackage\RpaWinUiComponentsPackage\AdvancedWinUiDataGrid\Api\Performance\DataGridPerformance.cs(34,45): error CS1061: 'PerformanceMetrics' does not contain a definition for 'TotalRows' and no accessible extension method 'TotalRows' accepting a first argument of type 'PerformanceMetrics' could be found (are you missing a using directive or an assembly reference?) [D:\www\RB0120APP\NewRpaWinUiComponentsPackage\RpaWinUiComponentsPackage\RpaWinUiComponentsPackage.csproj]
D:\www\RB0120APP\NewRpaWinUiComponentsPackage\RpaWinUiComponentsPackage\AdvancedWinUiDataGrid\Api\Performance\DataGridPerformance.cs(35,17): error CS0117: 'PublicPerformanceMetrics' does not contain a definition for 'VisibleRows' [D:\www\RB0120APP\NewRpaWinUiComponentsPackage\RpaWinUiComponentsPackage\RpaWinUiComponentsPackage.csproj]
D:\www\RB0120APP\NewRpaWinUiComponentsPackage\RpaWinUiComponentsPackage\AdvancedWinUiDataGrid\Api\Performance\DataGridPerformance.cs(35,47): error CS1061: 'PerformanceMetrics' does not contain a definition for 'VisibleRows' and no accessible extension method 'VisibleRows' accepting a first argument of type 'PerformanceMetrics' could be found (are you missing a using directive or an assembly reference?) [D:\www\RB0120APP\NewRpaWinUiComponentsPackage\RpaWinUiComponentsPackage\RpaWinUiComponentsPackage.csproj]
D:\www\RB0120APP\NewRpaWinUiComponentsPackage\RpaWinUiComponentsPackage\AdvancedWinUiDataGrid\Api\Performance\DataGridPerformance.cs(36,17): error CS0117: 'PublicPerformanceMetrics' does not contain a definition for 'RenderTime' [D:\www\RB0120APP\NewRpaWinUiComponentsPackage\RpaWinUiComponentsPackage\RpaWinUiComponentsPackage.csproj]
D:\www\RB0120APP\NewRpaWinUiComponentsPackage\RpaWinUiComponentsPackage\AdvancedWinUiDataGrid\Api\Performance\DataGridPerformance.cs(36,46): error CS1061: 'PerformanceMetrics' does not contain a definition for 'RenderTime' and no accessible extension method 'RenderTime' accepting a first argument of type 'PerformanceMetrics' could be found (are you missing a using directive or an assembly reference?) [D:\www\RB0120APP\NewRpaWinUiComponentsPackage\RpaWinUiComponentsPackage\RpaWinUiComponentsPackage.csproj]
D:\www\RB0120APP\NewRpaWinUiComponentsPackage\RpaWinUiComponentsPackage\AdvancedWinUiDataGrid\Api\Performance\DataGridPerformance.cs(37,17): error CS0117: 'PublicPerformanceMetrics' does not contain a definition for 'MemoryUsage' [D:\www\RB0120APP\NewRpaWinUiComponentsPackage\RpaWinUiComponentsPackage\RpaWinUiComponentsPackage.csproj]
D:\www\RB0120APP\NewRpaWinUiComponentsPackage\RpaWinUiComponentsPackage\AdvancedWinUiDataGrid\Api\Performance\DataGridPerformance.cs(37,47): error CS1061: 'PerformanceMetrics' does not contain a definition for 'MemoryUsage' and no accessible extension method 'MemoryUsage' accepting a first argument of type 'PerformanceMetrics' could be found (are you missing a using directive or an assembly reference?) [D:\www\RB0120APP\NewRpaWinUiComponentsPackage\RpaWinUiComponentsPackage\RpaWinUiComponentsPackage.csproj]
D:\www\RB0120APP\NewRpaWinUiComponentsPackage\RpaWinUiComponentsPackage\AdvancedWinUiDataGrid\Api\Performance\DataGridPerformance.cs(118,17): error CS0117: 'PublicMemoryUsage' does not contain a definition for 'TotalMemoryBytes' [D:\www\RB0120APP\NewRpaWinUiComponentsPackage\RpaWinUiComponentsPackage\RpaWinUiComponentsPackage.csproj]
D:\www\RB0120APP\NewRpaWinUiComponentsPackage\RpaWinUiComponentsPackage\AdvancedWinUiDataGrid\Api\Performance\DataGridPerformance.cs(119,17): error CS0117: 'PublicMemoryUsage' does not contain a definition for 'UsedMemoryBytes' [D:\www\RB0120APP\NewRpaWinUiComponentsPackage\RpaWinUiComponentsPackage\RpaWinUiComponentsPackage.csproj]
D:\www\RB0120APP\NewRpaWinUiComponentsPackage\RpaWinUiComponentsPackage\AdvancedWinUiDataGrid\Api\Performance\DataGridPerformance.cs(120,17): error CS0117: 'PublicMemoryUsage' does not contain a definition for 'PercentageUsed' [D:\www\RB0120APP\NewRpaWinUiComponentsPackage\RpaWinUiComponentsPackage\RpaWinUiComponentsPackage.csproj]
D:\www\RB0120APP\NewRpaWinUiComponentsPackage\RpaWinUiComponentsPackage\AdvancedWinUiDataGrid\Api\Notifications\DataGridNotifications.cs(32,9): error CS0123: No overload for 'OnInternalOperationProgress' matches delegate 'Action<string, double, string?>' [D:\www\RB0120APP\NewRpaWinUiComponentsPackage\RpaWinUiComponentsPackage\RpaWinUiComponentsPackage.csproj]
D:\www\RB0120APP\NewRpaWinUiComponentsPackage\RpaWinUiComponentsPackage\AdvancedWinUiDataGrid\Api\IO\DataGridIO.cs(38,53): error CS1503: Argument 1: cannot convert from 'RpaWinUiComponentsPackage.AdvancedWinUiDataGrid.ImportDataCommand' to 'RpaWinUiComponentsPackage.AdvancedWinUiDataGrid.Common.Models.InternalImportDataCommand' [D:\www\RB0120APP\NewRpaWinUiComponentsPackage\RpaWinUiComponentsPackage\RpaWinUiComponentsPackage.csproj]
D:\www\RB0120APP\NewRpaWinUiComponentsPackage\RpaWinUiComponentsPackage\AdvancedWinUiDataGrid\Api\IO\DataGridIO.cs(52,53): error CS1503: Argument 1: cannot convert from 'RpaWinUiComponentsPackage.AdvancedWinUiDataGrid.ExportDataCommand' to 'RpaWinUiComponentsPackage.AdvancedWinUiDataGrid.Common.Models.InternalExportDataCommand' [D:\www\RB0120APP\NewRpaWinUiComponentsPackage\RpaWinUiComponentsPackage\RpaWinUiComponentsPackage.csproj]
D:\www\RB0120APP\NewRpaWinUiComponentsPackage\RpaWinUiComponentsPackage\AdvancedWinUiDataGrid\Api\IO\DataGridIO.cs(81,59): error CS1503: Argument 1: cannot convert from 'RpaWinUiComponentsPackage.AdvancedWinUiDataGrid.ExportDataCommand' to 'RpaWinUiComponentsPackage.AdvancedWinUiDataGrid.Common.Models.InternalExportDataCommand' [D:\www\RB0120APP\NewRpaWinUiComponentsPackage\RpaWinUiComponentsPackage\RpaWinUiComponentsPackage.csproj]
D:\www\RB0120APP\NewRpaWinUiComponentsPackage\RpaWinUiComponentsPackage\AdvancedWinUiDataGrid\Api\Columns\DataGridColumns.cs(36,38): warning CS8604: Possible null reference argument for parameter 'column' in 'ColumnDefinition ColumnMappings.ToInternal(PublicColumnDefinition column)'. [D:\www\RB0120APP\NewRpaWinUiComponentsPackage\RpaWinUiComponentsPackage\RpaWinUiComponentsPackage.csproj]
D:\www\RB0120APP\NewRpaWinUiComponentsPackage\RpaWinUiComponentsPackage\AdvancedWinUiDataGrid\Api\Theming\DataGridTheming.cs(36,33): warning CS8604: Possible null reference argument for parameter 'source' in 'GridTheme ThemeMappings.ToInternal(PublicGridTheme source)'. [D:\www\RB0120APP\NewRpaWinUiComponentsPackage\RpaWinUiComponentsPackage\RpaWinUiComponentsPackage.csproj]
D:\www\RB0120APP\NewRpaWinUiComponentsPackage\RpaWinUiComponentsPackage\AdvancedWinUiDataGrid\Features\CopyPaste\Services\CopyPasteService.cs(1080,17): error CS1739: The best overload for 'CopyDataCommand' does not have a parameter named 'SelectedItems' [D:\www\RB0120APP\NewRpaWinUiComponentsPackage\RpaWinUiComponentsPackage\RpaWinUiComponentsPackage.csproj]
D:\www\RB0120APP\NewRpaWinUiComponentsPackage\RpaWinUiComponentsPackage\AdvancedWinUiDataGrid\Features\CopyPaste\Services\CopyPasteService.cs(1087,27): error CS1061: 'CopyPasteResult' does not contain a definition for 'IsSuccess' and no accessible extension method 'IsSuccess' accepting a first argument of type 'CopyPasteResult' could be found (are you missing a using directive or an assembly reference?) [D:\www\RB0120APP\NewRpaWinUiComponentsPackage\RpaWinUiComponentsPackage\RpaWinUiComponentsPackage.csproj]
D:\www\RB0120APP\NewRpaWinUiComponentsPackage\RpaWinUiComponentsPackage\AdvancedWinUiDataGrid\Features\CopyPaste\Services\CopyPasteService.cs(1133,17): error CS1503: Argument 1: cannot convert from 'int' to 'string' [D:\www\RB0120APP\NewRpaWinUiComponentsPackage\RpaWinUiComponentsPackage\RpaWinUiComponentsPackage.csproj]
D:\www\RB0120APP\NewRpaWinUiComponentsPackage\RpaWinUiComponentsPackage\AdvancedWinUiDataGrid\Features\CopyPaste\Services\CopyPasteService.cs(1134,17): error CS1503: Argument 2: cannot convert from 'string' to 'int' [D:\www\RB0120APP\NewRpaWinUiComponentsPackage\RpaWinUiComponentsPackage\RpaWinUiComponentsPackage.csproj]
D:\www\RB0120APP\NewRpaWinUiComponentsPackage\RpaWinUiComponentsPackage\AdvancedWinUiDataGrid\Features\CopyPaste\Services\CopyPasteService.cs(1135,17): error CS1503: Argument 3: cannot convert from 'RpaWinUiComponentsPackage.AdvancedWinUiDataGrid.Common.Models.PasteMode' to 'int' [D:\www\RB0120APP\NewRpaWinUiComponentsPackage\RpaWinUiComponentsPackage\RpaWinUiComponentsPackage.csproj]
D:\www\RB0120APP\NewRpaWinUiComponentsPackage\RpaWinUiComponentsPackage\AdvancedWinUiDataGrid\Features\CopyPaste\Services\CopyPasteService.cs(1137,17): error CS1503: Argument 5: cannot convert from 'bool' to 'RpaWinUiComponentsPackage.AdvancedWinUiDataGrid.PublicClipboardFormat' [D:\www\RB0120APP\NewRpaWinUiComponentsPackage\RpaWinUiComponentsPackage\RpaWinUiComponentsPackage.csproj]
D:\www\RB0120APP\NewRpaWinUiComponentsPackage\RpaWinUiComponentsPackage\AdvancedWinUiDataGrid\Features\CopyPaste\Services\CopyPasteService.cs(1138,17): error CS1503: Argument 6: cannot convert from 'bool' to 'string?' [D:\www\RB0120APP\NewRpaWinUiComponentsPackage\RpaWinUiComponentsPackage\RpaWinUiComponentsPackage.csproj]
D:\www\RB0120APP\NewRpaWinUiComponentsPackage\RpaWinUiComponentsPackage\AdvancedWinUiDataGrid\Features\CopyPaste\Services\CopyPasteService.cs(1142,27): error CS1061: 'CopyPasteResult' does not contain a definition for 'IsSuccess' and no accessible extension method 'IsSuccess' accepting a first argument of type 'CopyPasteResult' could be found (are you missing a using directive or an assembly reference?) [D:\www\RB0120APP\NewRpaWinUiComponentsPackage\RpaWinUiComponentsPackage\RpaWinUiComponentsPackage.csproj]
D:\www\RB0120APP\NewRpaWinUiComponentsPackage\RpaWinUiComponentsPackage\AdvancedWinUiDataGrid\Features\CopyPaste\Services\CopyPasteService.cs(1143,60): error CS1061: 'CopyPasteResult' does not contain a definition for 'ProcessedItems' and no accessible extension method 'ProcessedItems' accepting a first argument of type 'CopyPasteResult' could be found (are you missing a using directive or an assembly reference?) [D:\www\RB0120APP\NewRpaWinUiComponentsPackage\RpaWinUiComponentsPackage\RpaWinUiComponentsPackage.csproj]
D:\www\RB0120APP\NewRpaWinUiComponentsPackage\RpaWinUiComponentsPackage\AdvancedWinUiDataGrid\UIAdapters\WinUI\UiNotificationService.cs(243,60): warning CS0414: The field 'UiNotificationService.ValidationChanged' is assigned but its value is never used [D:\www\RB0120APP\NewRpaWinUiComponentsPackage\RpaWinUiComponentsPackage\RpaWinUiComponentsPackage.csproj]
D:\www\RB0120APP\NewRpaWinUiComponentsPackage\RpaWinUiComponentsPackage\AdvancedWinUiDataGrid\UIAdapters\WinUI\UiNotificationService.cs(253,59): warning CS0414: The field 'UiNotificationService.SelectionChanged' is assigned but its value is never used [D:\www\RB0120APP\NewRpaWinUiComponentsPackage\RpaWinUiComponentsPackage\RpaWinUiComponentsPackage.csproj]
D:\www\RB0120APP\NewRpaWinUiComponentsPackage\RpaWinUiComponentsPackage\AdvancedWinUiDataGrid\UIAdapters\WinUI\UiNotificationService.cs(248,53): warning CS0414: The field 'UiNotificationService.CellEdited' is assigned but its value is never used [D:\www\RB0120APP\NewRpaWinUiComponentsPackage\RpaWinUiComponentsPackage\RpaWinUiComponentsPackage.csproj]
D:\www\RB0120APP\NewRpaWinUiComponentsPackage\RpaWinUiComponentsPackage\AdvancedWinUiDataGrid\Features\Performance\Services\PerformanceService.cs(17,18): warning CS0414: The field 'PerformanceService._isMonitoring' is assigned but its value is never used [D:\www\RB0120APP\NewRpaWinUiComponentsPackage\RpaWinUiComponentsPackage\RpaWinUiComponentsPackage.csproj]
D:\www\RB0120APP\NewRpaWinUiComponentsPackage\RpaWinUiComponentsPackage\AdvancedWinUiDataGrid\UIAdapters\WinUI\UiNotificationService.cs(238,54): warning CS0414: The field 'UiNotificationService.DataChanged' is assigned but its value is never used [D:\www\RB0120APP\NewRpaWinUiComponentsPackage\RpaWinUiComponentsPackage\RpaWinUiComponentsPackage.csproj]

Build FAILED.

D:\www\RB0120APP\NewRpaWinUiComponentsPackage\RpaWinUiComponentsPackage\AdvancedWinUiDataGrid\Api\Validation\DataGridValidation.cs(90,74): warning CS8604: Possible null reference argument for parameter 'rule' in 'Task<Result> IValidationService.AddValidationRuleAsync(IValidationRule rule, CancellationToken cancellationToken = default(CancellationToken))'. [D:\www\RB0120APP\NewRpaWinUiComponentsPackage\RpaWinUiComponentsPackage\RpaWinUiComponentsPackage.csproj]
D:\www\RB0120APP\NewRpaWinUiComponentsPackage\RpaWinUiComponentsPackage\AdvancedWinUiDataGrid\Api\Columns\DataGridColumns.cs(36,38): warning CS8604: Possible null reference argument for parameter 'column' in 'ColumnDefinition ColumnMappings.ToInternal(PublicColumnDefinition column)'. [D:\www\RB0120APP\NewRpaWinUiComponentsPackage\RpaWinUiComponentsPackage\RpaWinUiComponentsPackage.csproj]
D:\www\RB0120APP\NewRpaWinUiComponentsPackage\RpaWinUiComponentsPackage\AdvancedWinUiDataGrid\Api\Theming\DataGridTheming.cs(36,33): warning CS8604: Possible null reference argument for parameter 'source' in 'GridTheme ThemeMappings.ToInternal(PublicGridTheme source)'. [D:\www\RB0120APP\NewRpaWinUiComponentsPackage\RpaWinUiComponentsPackage\RpaWinUiComponentsPackage.csproj]
D:\www\RB0120APP\NewRpaWinUiComponentsPackage\RpaWinUiComponentsPackage\AdvancedWinUiDataGrid\UIAdapters\WinUI\UiNotificationService.cs(243,60): warning CS0414: The field 'UiNotificationService.ValidationChanged' is assigned but its value is never used [D:\www\RB0120APP\NewRpaWinUiComponentsPackage\RpaWinUiComponentsPackage\RpaWinUiComponentsPackage.csproj]
D:\www\RB0120APP\NewRpaWinUiComponentsPackage\RpaWinUiComponentsPackage\AdvancedWinUiDataGrid\UIAdapters\WinUI\UiNotificationService.cs(253,59): warning CS0414: The field 'UiNotificationService.SelectionChanged' is assigned but its value is never used [D:\www\RB0120APP\NewRpaWinUiComponentsPackage\RpaWinUiComponentsPackage\RpaWinUiComponentsPackage.csproj]
D:\www\RB0120APP\NewRpaWinUiComponentsPackage\RpaWinUiComponentsPackage\AdvancedWinUiDataGrid\UIAdapters\WinUI\UiNotificationService.cs(248,53): warning CS0414: The field 'UiNotificationService.CellEdited' is assigned but its value is never used [D:\www\RB0120APP\NewRpaWinUiComponentsPackage\RpaWinUiComponentsPackage\RpaWinUiComponentsPackage.csproj]
D:\www\RB0120APP\NewRpaWinUiComponentsPackage\RpaWinUiComponentsPackage\AdvancedWinUiDataGrid\Features\Performance\Services\PerformanceService.cs(17,18): warning CS0414: The field 'PerformanceService._isMonitoring' is assigned but its value is never used [D:\www\RB0120APP\NewRpaWinUiComponentsPackage\RpaWinUiComponentsPackage\RpaWinUiComponentsPackage.csproj]
D:\www\RB0120APP\NewRpaWinUiComponentsPackage\RpaWinUiComponentsPackage\AdvancedWinUiDataGrid\UIAdapters\WinUI\UiNotificationService.cs(238,54): warning CS0414: The field 'UiNotificationService.DataChanged' is assigned but its value is never used [D:\www\RB0120APP\NewRpaWinUiComponentsPackage\RpaWinUiComponentsPackage\RpaWinUiComponentsPackage.csproj]
C:\Users\patro\.nuget\packages\microsoft.windowsappsdk.winui\1.8.250906003\buildTransitive\Microsoft.UI.Xaml.Markup.Compiler.interop.targets(594,9): error MSB3073: The command ""C:\Users\patro\.nuget\packages\microsoft.windowsappsdk.winui\1.8.250906003\buildTransitive\..\tools\net6.0\..\net472\XamlCompiler.exe" "obj\x64\Debug\net8.0-windows10.0.19041.0\win-x64\\input.json" "obj\x64\Debug\net8.0-windows10.0.19041.0\win-x64\\output.json"" exited with code 1. [D:\www\RB0120APP\NewRpaWinUiComponentsPackage\RpaWinUiComponentsDemo\RpaWinUiComponentsDemo.csproj]
D:\www\RB0120APP\NewRpaWinUiComponentsPackage\RpaWinUiComponentsPackage\AdvancedWinUiDataGrid\Api\Validation\DataGridValidation.cs(47,20): error CS0029: Cannot implicitly convert type 'RpaWinUiComponentsPackage.AdvancedWinUiDataGrid.Api.Models.PublicValidationResultWithStatistics' to 'RpaWinUiComponentsPackage.AdvancedWinUiDataGrid.Validation.PublicValidationResultWithStatistics' [D:\www\RB0120APP\NewRpaWinUiComponentsPackage\RpaWinUiComponentsPackage\RpaWinUiComponentsPackage.csproj]
D:\www\RB0120APP\NewRpaWinUiComponentsPackage\RpaWinUiComponentsPackage\AdvancedWinUiDataGrid\Api\Sorting\DataGridSorting.cs(101,25): error CS0266: Cannot implicitly convert type 'RpaWinUiComponentsPackage.AdvancedWinUiDataGrid.Api.Models.PublicSortDirection' to 'RpaWinUiComponentsPackage.AdvancedWinUiDataGrid.PublicSortDirection'. An explicit conversion exists (are you missing a cast?) [D:\www\RB0120APP\NewRpaWinUiComponentsPackage\RpaWinUiComponentsPackage\RpaWinUiComponentsPackage.csproj]
D:\www\RB0120APP\NewRpaWinUiComponentsPackage\RpaWinUiComponentsPackage\AdvancedWinUiDataGrid\Api\Sorting\DataGridSorting.cs(129,20): error CS0266: Cannot implicitly convert type 'RpaWinUiComponentsPackage.AdvancedWinUiDataGrid.Api.Models.PublicSortDirection' to 'RpaWinUiComponentsPackage.AdvancedWinUiDataGrid.PublicSortDirection'. An explicit conversion exists (are you missing a cast?) [D:\www\RB0120APP\NewRpaWinUiComponentsPackage\RpaWinUiComponentsPackage\RpaWinUiComponentsPackage.csproj]
D:\www\RB0120APP\NewRpaWinUiComponentsPackage\RpaWinUiComponentsPackage\AdvancedWinUiDataGrid\Api\Search\DataGridSearch.cs(36,17): error CS0117: 'PublicSearchResult' does not contain a definition for 'MatchCount' [D:\www\RB0120APP\NewRpaWinUiComponentsPackage\RpaWinUiComponentsPackage\RpaWinUiComponentsPackage.csproj]
D:\www\RB0120APP\NewRpaWinUiComponentsPackage\RpaWinUiComponentsPackage\AdvancedWinUiDataGrid\Api\Search\DataGridSearch.cs(37,17): error CS0117: 'PublicSearchResult' does not contain a definition for 'MatchedRowIndices' [D:\www\RB0120APP\NewRpaWinUiComponentsPackage\RpaWinUiComponentsPackage\RpaWinUiComponentsPackage.csproj]
D:\www\RB0120APP\NewRpaWinUiComponentsPackage\RpaWinUiComponentsPackage\AdvancedWinUiDataGrid\Api\Search\DataGridSearch.cs(38,17): error CS0117: 'PublicSearchResult' does not contain a definition for 'SearchText' [D:\www\RB0120APP\NewRpaWinUiComponentsPackage\RpaWinUiComponentsPackage\RpaWinUiComponentsPackage.csproj]
D:\www\RB0120APP\NewRpaWinUiComponentsPackage\RpaWinUiComponentsPackage\AdvancedWinUiDataGrid\Api\Search\DataGridSearch.cs(39,17): error CS0117: 'PublicSearchResult' does not contain a definition for 'CaseSensitive' [D:\www\RB0120APP\NewRpaWinUiComponentsPackage\RpaWinUiComponentsPackage\RpaWinUiComponentsPackage.csproj]
D:\www\RB0120APP\NewRpaWinUiComponentsPackage\RpaWinUiComponentsPackage\AdvancedWinUiDataGrid\Api\Search\DataGridSearch.cs(40,17): error CS0117: 'PublicSearchResult' does not contain a definition for 'WholeWord' [D:\www\RB0120APP\NewRpaWinUiComponentsPackage\RpaWinUiComponentsPackage\RpaWinUiComponentsPackage.csproj]
D:\www\RB0120APP\NewRpaWinUiComponentsPackage\RpaWinUiComponentsPackage\AdvancedWinUiDataGrid\Api\Search\DataGridSearch.cs(41,17): error CS0117: 'PublicSearchResult' does not contain a definition for 'SearchDuration' [D:\www\RB0120APP\NewRpaWinUiComponentsPackage\RpaWinUiComponentsPackage\RpaWinUiComponentsPackage.csproj]
D:\www\RB0120APP\NewRpaWinUiComponentsPackage\RpaWinUiComponentsPackage\AdvancedWinUiDataGrid\Api\Shortcuts\DataGridShortcuts.cs(33,107): error CS1061: 'PublicShortcutDefinition' does not contain a definition for 'ShortcutKey' and no accessible extension method 'ShortcutKey' accepting a first argument of type 'PublicShortcutDefinition' could be found (are you missing a using directive or an assembly reference?) [D:\www\RB0120APP\NewRpaWinUiComponentsPackage\RpaWinUiComponentsPackage\RpaWinUiComponentsPackage.csproj]
D:\www\RB0120APP\NewRpaWinUiComponentsPackage\RpaWinUiComponentsPackage\AdvancedWinUiDataGrid\Api\Performance\DataGridPerformance.cs(34,17): error CS0117: 'PublicPerformanceMetrics' does not contain a definition for 'TotalRows' [D:\www\RB0120APP\NewRpaWinUiComponentsPackage\RpaWinUiComponentsPackage\RpaWinUiComponentsPackage.csproj]
D:\www\RB0120APP\NewRpaWinUiComponentsPackage\RpaWinUiComponentsPackage\AdvancedWinUiDataGrid\Api\Performance\DataGridPerformance.cs(34,45): error CS1061: 'PerformanceMetrics' does not contain a definition for 'TotalRows' and no accessible extension method 'TotalRows' accepting a first argument of type 'PerformanceMetrics' could be found (are you missing a using directive or an assembly reference?) [D:\www\RB0120APP\NewRpaWinUiComponentsPackage\RpaWinUiComponentsPackage\RpaWinUiComponentsPackage.csproj]
D:\www\RB0120APP\NewRpaWinUiComponentsPackage\RpaWinUiComponentsPackage\AdvancedWinUiDataGrid\Api\Performance\DataGridPerformance.cs(35,17): error CS0117: 'PublicPerformanceMetrics' does not contain a definition for 'VisibleRows' [D:\www\RB0120APP\NewRpaWinUiComponentsPackage\RpaWinUiComponentsPackage\RpaWinUiComponentsPackage.csproj]
D:\www\RB0120APP\NewRpaWinUiComponentsPackage\RpaWinUiComponentsPackage\AdvancedWinUiDataGrid\Api\Performance\DataGridPerformance.cs(35,47): error CS1061: 'PerformanceMetrics' does not contain a definition for 'VisibleRows' and no accessible extension method 'VisibleRows' accepting a first argument of type 'PerformanceMetrics' could be found (are you missing a using directive or an assembly reference?) [D:\www\RB0120APP\NewRpaWinUiComponentsPackage\RpaWinUiComponentsPackage\RpaWinUiComponentsPackage.csproj]
D:\www\RB0120APP\NewRpaWinUiComponentsPackage\RpaWinUiComponentsPackage\AdvancedWinUiDataGrid\Api\Performance\DataGridPerformance.cs(36,17): error CS0117: 'PublicPerformanceMetrics' does not contain a definition for 'RenderTime' [D:\www\RB0120APP\NewRpaWinUiComponentsPackage\RpaWinUiComponentsPackage\RpaWinUiComponentsPackage.csproj]
D:\www\RB0120APP\NewRpaWinUiComponentsPackage\RpaWinUiComponentsPackage\AdvancedWinUiDataGrid\Api\Performance\DataGridPerformance.cs(36,46): error CS1061: 'PerformanceMetrics' does not contain a definition for 'RenderTime' and no accessible extension method 'RenderTime' accepting a first argument of type 'PerformanceMetrics' could be found (are you missing a using directive or an assembly reference?) [D:\www\RB0120APP\NewRpaWinUiComponentsPackage\RpaWinUiComponentsPackage\RpaWinUiComponentsPackage.csproj]
D:\www\RB0120APP\NewRpaWinUiComponentsPackage\RpaWinUiComponentsPackage\AdvancedWinUiDataGrid\Api\Performance\DataGridPerformance.cs(37,17): error CS0117: 'PublicPerformanceMetrics' does not contain a definition for 'MemoryUsage' [D:\www\RB0120APP\NewRpaWinUiComponentsPackage\RpaWinUiComponentsPackage\RpaWinUiComponentsPackage.csproj]
D:\www\RB0120APP\NewRpaWinUiComponentsPackage\RpaWinUiComponentsPackage\AdvancedWinUiDataGrid\Api\Performance\DataGridPerformance.cs(37,47): error CS1061: 'PerformanceMetrics' does not contain a definition for 'MemoryUsage' and no accessible extension method 'MemoryUsage' accepting a first argument of type 'PerformanceMetrics' could be found (are you missing a using directive or an assembly reference?) [D:\www\RB0120APP\NewRpaWinUiComponentsPackage\RpaWinUiComponentsPackage\RpaWinUiComponentsPackage.csproj]
D:\www\RB0120APP\NewRpaWinUiComponentsPackage\RpaWinUiComponentsPackage\AdvancedWinUiDataGrid\Api\Performance\DataGridPerformance.cs(118,17): error CS0117: 'PublicMemoryUsage' does not contain a definition for 'TotalMemoryBytes' [D:\www\RB0120APP\NewRpaWinUiComponentsPackage\RpaWinUiComponentsPackage\RpaWinUiComponentsPackage.csproj]
D:\www\RB0120APP\NewRpaWinUiComponentsPackage\RpaWinUiComponentsPackage\AdvancedWinUiDataGrid\Api\Performance\DataGridPerformance.cs(119,17): error CS0117: 'PublicMemoryUsage' does not contain a definition for 'UsedMemoryBytes' [D:\www\RB0120APP\NewRpaWinUiComponentsPackage\RpaWinUiComponentsPackage\RpaWinUiComponentsPackage.csproj]
D:\www\RB0120APP\NewRpaWinUiComponentsPackage\RpaWinUiComponentsPackage\AdvancedWinUiDataGrid\Api\Performance\DataGridPerformance.cs(120,17): error CS0117: 'PublicMemoryUsage' does not contain a definition for 'PercentageUsed' [D:\www\RB0120APP\NewRpaWinUiComponentsPackage\RpaWinUiComponentsPackage\RpaWinUiComponentsPackage.csproj]
D:\www\RB0120APP\NewRpaWinUiComponentsPackage\RpaWinUiComponentsPackage\AdvancedWinUiDataGrid\Api\Notifications\DataGridNotifications.cs(32,9): error CS0123: No overload for 'OnInternalOperationProgress' matches delegate 'Action<string, double, string?>' [D:\www\RB0120APP\NewRpaWinUiComponentsPackage\RpaWinUiComponentsPackage\RpaWinUiComponentsPackage.csproj]
D:\www\RB0120APP\NewRpaWinUiComponentsPackage\RpaWinUiComponentsPackage\AdvancedWinUiDataGrid\Api\IO\DataGridIO.cs(38,53): error CS1503: Argument 1: cannot convert from 'RpaWinUiComponentsPackage.AdvancedWinUiDataGrid.ImportDataCommand' to 'RpaWinUiComponentsPackage.AdvancedWinUiDataGrid.Common.Models.InternalImportDataCommand' [D:\www\RB0120APP\NewRpaWinUiComponentsPackage\RpaWinUiComponentsPackage\RpaWinUiComponentsPackage.csproj]
D:\www\RB0120APP\NewRpaWinUiComponentsPackage\RpaWinUiComponentsPackage\AdvancedWinUiDataGrid\Api\IO\DataGridIO.cs(52,53): error CS1503: Argument 1: cannot convert from 'RpaWinUiComponentsPackage.AdvancedWinUiDataGrid.ExportDataCommand' to 'RpaWinUiComponentsPackage.AdvancedWinUiDataGrid.Common.Models.InternalExportDataCommand' [D:\www\RB0120APP\NewRpaWinUiComponentsPackage\RpaWinUiComponentsPackage\RpaWinUiComponentsPackage.csproj]
D:\www\RB0120APP\NewRpaWinUiComponentsPackage\RpaWinUiComponentsPackage\AdvancedWinUiDataGrid\Api\IO\DataGridIO.cs(81,59): error CS1503: Argument 1: cannot convert from 'RpaWinUiComponentsPackage.AdvancedWinUiDataGrid.ExportDataCommand' to 'RpaWinUiComponentsPackage.AdvancedWinUiDataGrid.Common.Models.InternalExportDataCommand' [D:\www\RB0120APP\NewRpaWinUiComponentsPackage\RpaWinUiComponentsPackage\RpaWinUiComponentsPackage.csproj]
D:\www\RB0120APP\NewRpaWinUiComponentsPackage\RpaWinUiComponentsPackage\AdvancedWinUiDataGrid\Features\CopyPaste\Services\CopyPasteService.cs(1080,17): error CS1739: The best overload for 'CopyDataCommand' does not have a parameter named 'SelectedItems' [D:\www\RB0120APP\NewRpaWinUiComponentsPackage\RpaWinUiComponentsPackage\RpaWinUiComponentsPackage.csproj]
D:\www\RB0120APP\NewRpaWinUiComponentsPackage\RpaWinUiComponentsPackage\AdvancedWinUiDataGrid\Features\CopyPaste\Services\CopyPasteService.cs(1087,27): error CS1061: 'CopyPasteResult' does not contain a definition for 'IsSuccess' and no accessible extension method 'IsSuccess' accepting a first argument of type 'CopyPasteResult' could be found (are you missing a using directive or an assembly reference?) [D:\www\RB0120APP\NewRpaWinUiComponentsPackage\RpaWinUiComponentsPackage\RpaWinUiComponentsPackage.csproj]
D:\www\RB0120APP\NewRpaWinUiComponentsPackage\RpaWinUiComponentsPackage\AdvancedWinUiDataGrid\Features\CopyPaste\Services\CopyPasteService.cs(1133,17): error CS1503: Argument 1: cannot convert from 'int' to 'string' [D:\www\RB0120APP\NewRpaWinUiComponentsPackage\RpaWinUiComponentsPackage\RpaWinUiComponentsPackage.csproj]
D:\www\RB0120APP\NewRpaWinUiComponentsPackage\RpaWinUiComponentsPackage\AdvancedWinUiDataGrid\Features\CopyPaste\Services\CopyPasteService.cs(1134,17): error CS1503: Argument 2: cannot convert from 'string' to 'int' [D:\www\RB0120APP\NewRpaWinUiComponentsPackage\RpaWinUiComponentsPackage\RpaWinUiComponentsPackage.csproj]
D:\www\RB0120APP\NewRpaWinUiComponentsPackage\RpaWinUiComponentsPackage\AdvancedWinUiDataGrid\Features\CopyPaste\Services\CopyPasteService.cs(1135,17): error CS1503: Argument 3: cannot convert from 'RpaWinUiComponentsPackage.AdvancedWinUiDataGrid.Common.Models.PasteMode' to 'int' [D:\www\RB0120APP\NewRpaWinUiComponentsPackage\RpaWinUiComponentsPackage\RpaWinUiComponentsPackage.csproj]
D:\www\RB0120APP\NewRpaWinUiComponentsPackage\RpaWinUiComponentsPackage\AdvancedWinUiDataGrid\Features\CopyPaste\Services\CopyPasteService.cs(1137,17): error CS1503: Argument 5: cannot convert from 'bool' to 'RpaWinUiComponentsPackage.AdvancedWinUiDataGrid.PublicClipboardFormat' [D:\www\RB0120APP\NewRpaWinUiComponentsPackage\RpaWinUiComponentsPackage\RpaWinUiComponentsPackage.csproj]
D:\www\RB0120APP\NewRpaWinUiComponentsPackage\RpaWinUiComponentsPackage\AdvancedWinUiDataGrid\Features\CopyPaste\Services\CopyPasteService.cs(1138,17): error CS1503: Argument 6: cannot convert from 'bool' to 'string?' [D:\www\RB0120APP\NewRpaWinUiComponentsPackage\RpaWinUiComponentsPackage\RpaWinUiComponentsPackage.csproj]
D:\www\RB0120APP\NewRpaWinUiComponentsPackage\RpaWinUiComponentsPackage\AdvancedWinUiDataGrid\Features\CopyPaste\Services\CopyPasteService.cs(1142,27): error CS1061: 'CopyPasteResult' does not contain a definition for 'IsSuccess' and no accessible extension method 'IsSuccess' accepting a first argument of type 'CopyPasteResult' could be found (are you missing a using directive or an assembly reference?) [D:\www\RB0120APP\NewRpaWinUiComponentsPackage\RpaWinUiComponentsPackage\RpaWinUiComponentsPackage.csproj]
D:\www\RB0120APP\NewRpaWinUiComponentsPackage\RpaWinUiComponentsPackage\AdvancedWinUiDataGrid\Features\CopyPaste\Services\CopyPasteService.cs(1143,60): error CS1061: 'CopyPasteResult' does not contain a definition for 'ProcessedItems' and no accessible extension method 'ProcessedItems' accepting a first argument of type 'CopyPasteResult' could be found (are you missing a using directive or an assembly reference?) [D:\www\RB0120APP\NewRpaWinUiComponentsPackage\RpaWinUiComponentsPackage\RpaWinUiComponentsPackage.csproj]
    8 Warning(s)
    35 Error(s)

Time Elapsed 00:00:09.43

Workload updates are available. Run `dotnet workload list` for more information.
